// Jest Snapshot v1, https://goo.gl/fbAQLP

exports[`Badge renders correctly 1`] = `
<span
  className=""
  style={Object {}}
>
  10
</span>
`;

exports[`Badge renders correctly 2`] = `
<span
  className="test-class"
  style={
    Object {
      "width": "100px",
    }
  }
>
  10.5
</span>
`;
